Archive member included to satisfy reference by file (symbol)

/opt/devkitpro/libgba/lib/libgba.a(input.o)
                              build/main.o (scanKeys)
/opt/devkitpro/devkitARM/lib/gcc/arm-none-eabi/15.2.0/thumb/libgcc.a(_udivsi3.o)
                              build/galeria.o (__aeabi_uidiv)
/opt/devkitpro/devkitARM/lib/gcc/arm-none-eabi/15.2.0/thumb/libgcc.a(_divsi3.o)
                              build/galeria.o (__aeabi_idiv)
/opt/devkitpro/devkitARM/lib/gcc/arm-none-eabi/15.2.0/thumb/libgcc.a(_dvmd_tls.o)
                              /opt/devkitpro/devkitARM/lib/gcc/arm-none-eabi/15.2.0/thumb/libgcc.a(_udivsi3.o) (__aeabi_idiv0)
/opt/devkitpro/devkitARM/lib/gcc/arm-none-eabi/15.2.0/thumb/libgcc.a(_sync_none.o)
                              (__sync_synchronize_none)
/opt/devkitpro/devkitARM/lib/gcc/arm-none-eabi/15.2.0/../../../../arm-none-eabi/lib/thumb/libc.a(libc_a-memset.o)
                              build/galeria.o (memset)
/opt/devkitpro/devkitARM/lib/gcc/arm-none-eabi/15.2.0/../../../../arm-none-eabi/lib/thumb/libc.a(libc_a-init.o)
                              /opt/devkitpro/devkitARM/lib/gcc/arm-none-eabi/15.2.0/../../../../arm-none-eabi/lib/thumb/gba_crt0.o (__libc_init_array)
/opt/devkitpro/devkitARM/lib/gcc/arm-none-eabi/15.2.0/../../../../arm-none-eabi/lib/thumb/libsysbase.a(libsysbase_libsysbase_a-malloc_vars.o)
                              /opt/devkitpro/devkitARM/lib/gcc/arm-none-eabi/15.2.0/../../../../arm-none-eabi/lib/thumb/gba_crt0.o (fake_heap_end)

Discarded input sections

 .text          0x00000000        0x0 /opt/devkitpro/devkitARM/lib/gcc/arm-none-eabi/15.2.0/../../../../arm-none-eabi/lib/thumb/gba_crt0.o
 .data          0x00000000        0x0 /opt/devkitpro/devkitARM/lib/gcc/arm-none-eabi/15.2.0/../../../../arm-none-eabi/lib/thumb/gba_crt0.o
 .bss           0x00000000        0x0 /opt/devkitpro/devkitARM/lib/gcc/arm-none-eabi/15.2.0/../../../../arm-none-eabi/lib/thumb/gba_crt0.o
 .text          0x00000000        0x0 /opt/devkitpro/devkitARM/lib/gcc/arm-none-eabi/15.2.0/thumb/crti.o
 .data          0x00000000        0x0 /opt/devkitpro/devkitARM/lib/gcc/arm-none-eabi/15.2.0/thumb/crti.o
 .bss           0x00000000        0x0 /opt/devkitpro/devkitARM/lib/gcc/arm-none-eabi/15.2.0/thumb/crti.o
 .text          0x00000000        0x0 /opt/devkitpro/devkitARM/lib/gcc/arm-none-eabi/15.2.0/thumb/crtbegin.o
 .data          0x00000000        0x0 /opt/devkitpro/devkitARM/lib/gcc/arm-none-eabi/15.2.0/thumb/crtbegin.o
 .bss           0x00000000        0x0 /opt/devkitpro/devkitARM/lib/gcc/arm-none-eabi/15.2.0/thumb/crtbegin.o
 .rodata.all_implied_fbits
                0x00000000       0x24 /opt/devkitpro/devkitARM/lib/gcc/arm-none-eabi/15.2.0/thumb/crtbegin.o
 .data.__dso_handle
                0x00000000        0x4 /opt/devkitpro/devkitARM/lib/gcc/arm-none-eabi/15.2.0/thumb/crtbegin.o
 .text          0x00000000        0x0 build/font.o
 .data          0x00000000        0x0 build/font.o
 .bss           0x00000000        0x0 build/font.o
 .text          0x00000000        0x0 build/galeria.o
 .data          0x00000000        0x0 build/galeria.o
 .bss           0x00000000        0x0 build/galeria.o
 .text          0x00000000        0x0 build/main.o
 .data          0x00000000        0x0 build/main.o
 .bss           0x00000000        0x0 build/main.o
 .text          0x00000000        0x0 build/menu.o
 .data          0x00000000        0x0 build/menu.o
 .bss           0x00000000        0x0 build/menu.o
 .text          0x00000000        0x0 build/opalo.o
 .data          0x00000000        0x0 build/opalo.o
 .bss           0x00000000        0x0 build/opalo.o
 .text          0x00000000        0x0 build/plasma.o
 .data          0x00000000        0x0 build/plasma.o
 .bss           0x00000000        0x0 build/plasma.o
 .text          0x00000000        0x0 build/save.o
 .data          0x00000000        0x0 build/save.o
 .bss           0x00000000        0x0 build/save.o
 .text          0x00000000        0x0 build/thumb_cache.o
 .data          0x00000000        0x0 build/thumb_cache.o
 .bss           0x00000000        0x0 build/thumb_cache.o
 .text.thumb_generar
                0x00000000       0xf8 build/thumb_cache.o
 .text.thumb_dibujar
                0x00000000       0xe4 build/thumb_cache.o
 .comment       0x00000000       0x19 build/thumb_cache.o
 .text          0x00000000        0x0 build/video.o
 .data          0x00000000        0x0 build/video.o
 .bss           0x00000000        0x0 build/video.o
 .data          0x00000000        0x0 /opt/devkitpro/devkitARM/lib/gcc/arm-none-eabi/15.2.0/thumb/libgcc.a(_udivsi3.o)
 .bss           0x00000000        0x0 /opt/devkitpro/devkitARM/lib/gcc/arm-none-eabi/15.2.0/thumb/libgcc.a(_udivsi3.o)
 .data          0x00000000        0x0 /opt/devkitpro/devkitARM/lib/gcc/arm-none-eabi/15.2.0/thumb/libgcc.a(_divsi3.o)
 .bss           0x00000000        0x0 /opt/devkitpro/devkitARM/lib/gcc/arm-none-eabi/15.2.0/thumb/libgcc.a(_divsi3.o)
 .data          0x00000000        0x0 /opt/devkitpro/devkitARM/lib/gcc/arm-none-eabi/15.2.0/thumb/libgcc.a(_dvmd_tls.o)
 .bss           0x00000000        0x0 /opt/devkitpro/devkitARM/lib/gcc/arm-none-eabi/15.2.0/thumb/libgcc.a(_dvmd_tls.o)
 .text          0x00000000        0x4 /opt/devkitpro/devkitARM/lib/gcc/arm-none-eabi/15.2.0/thumb/libgcc.a(_sync_none.o)
 .data          0x00000000        0x0 /opt/devkitpro/devkitARM/lib/gcc/arm-none-eabi/15.2.0/thumb/libgcc.a(_sync_none.o)
 .bss           0x00000000        0x0 /opt/devkitpro/devkitARM/lib/gcc/arm-none-eabi/15.2.0/thumb/libgcc.a(_sync_none.o)
 .debug_line    0x00000000       0x4a /opt/devkitpro/devkitARM/lib/gcc/arm-none-eabi/15.2.0/thumb/libgcc.a(_sync_none.o)
 .debug_line_str
                0x00000000       0xcd /opt/devkitpro/devkitARM/lib/gcc/arm-none-eabi/15.2.0/thumb/libgcc.a(_sync_none.o)
 .debug_info    0x00000000       0x31 /opt/devkitpro/devkitARM/lib/gcc/arm-none-eabi/15.2.0/thumb/libgcc.a(_sync_none.o)
 .debug_abbrev  0x00000000       0x28 /opt/devkitpro/devkitARM/lib/gcc/arm-none-eabi/15.2.0/thumb/libgcc.a(_sync_none.o)
 .debug_aranges
                0x00000000       0x20 /opt/devkitpro/devkitARM/lib/gcc/arm-none-eabi/15.2.0/thumb/libgcc.a(_sync_none.o)
 .debug_str     0x00000000       0xf3 /opt/devkitpro/devkitARM/lib/gcc/arm-none-eabi/15.2.0/thumb/libgcc.a(_sync_none.o)
 .text          0x00000000        0x0 /opt/devkitpro/devkitARM/lib/gcc/arm-none-eabi/15.2.0/../../../../arm-none-eabi/lib/thumb/libc.a(libc_a-memset.o)
 .data          0x00000000        0x0 /opt/devkitpro/devkitARM/lib/gcc/arm-none-eabi/15.2.0/../../../../arm-none-eabi/lib/thumb/libc.a(libc_a-memset.o)
 .bss           0x00000000        0x0 /opt/devkitpro/devkitARM/lib/gcc/arm-none-eabi/15.2.0/../../../../arm-none-eabi/lib/thumb/libc.a(libc_a-memset.o)
 .text          0x00000000        0x0 /opt/devkitpro/devkitARM/lib/gcc/arm-none-eabi/15.2.0/../../../../arm-none-eabi/lib/thumb/libc.a(libc_a-init.o)
 .data          0x00000000        0x0 /opt/devkitpro/devkitARM/lib/gcc/arm-none-eabi/15.2.0/../../../../arm-none-eabi/lib/thumb/libc.a(libc_a-init.o)
 .bss           0x00000000        0x0 /opt/devkitpro/devkitARM/lib/gcc/arm-none-eabi/15.2.0/../../../../arm-none-eabi/lib/thumb/libc.a(libc_a-init.o)
 .text          0x00000000        0x0 /opt/devkitpro/devkitARM/lib/gcc/arm-none-eabi/15.2.0/../../../../arm-none-eabi/lib/thumb/libsysbase.a(libsysbase_libsysbase_a-malloc_vars.o)
 .data          0x00000000        0x0 /opt/devkitpro/devkitARM/lib/gcc/arm-none-eabi/15.2.0/../../../../arm-none-eabi/lib/thumb/libsysbase.a(libsysbase_libsysbase_a-malloc_vars.o)
 .bss           0x00000000        0x0 /opt/devkitpro/devkitARM/lib/gcc/arm-none-eabi/15.2.0/../../../../arm-none-eabi/lib/thumb/libsysbase.a(libsysbase_libsysbase_a-malloc_vars.o)
 .bss.fake_heap_start
                0x00000000        0x4 /opt/devkitpro/devkitARM/lib/gcc/arm-none-eabi/15.2.0/../../../../arm-none-eabi/lib/thumb/libsysbase.a(libsysbase_libsysbase_a-malloc_vars.o)
 .text          0x00000000        0x0 /opt/devkitpro/devkitARM/lib/gcc/arm-none-eabi/15.2.0/thumb/crtend.o
 .data          0x00000000        0x0 /opt/devkitpro/devkitARM/lib/gcc/arm-none-eabi/15.2.0/thumb/crtend.o
 .bss           0x00000000        0x0 /opt/devkitpro/devkitARM/lib/gcc/arm-none-eabi/15.2.0/thumb/crtend.o
 .rodata.all_implied_fbits
                0x00000000       0x24 /opt/devkitpro/devkitARM/lib/gcc/arm-none-eabi/15.2.0/thumb/crtend.o
 .text          0x00000000        0x0 /opt/devkitpro/devkitARM/lib/gcc/arm-none-eabi/15.2.0/thumb/crtn.o
 .data          0x00000000        0x0 /opt/devkitpro/devkitARM/lib/gcc/arm-none-eabi/15.2.0/thumb/crtn.o
 .bss           0x00000000        0x0 /opt/devkitpro/devkitARM/lib/gcc/arm-none-eabi/15.2.0/thumb/crtn.o

Memory Configuration

Name             Origin             Length             Attributes
rom              0x08000000         0x02000000
iwram            0x03000000         0x00008000
ewram            0x02000000         0x00040000
*default*        0x00000000         0xffffffff

Linker script and memory map

                0x00000000                        __sync_synchronize = __sync_synchronize_none
                0x08000000                        __text_start = ORIGIN (rom)
                0x02040000                        __eheap_end = (ORIGIN (ewram) + LENGTH (ewram))
                0x03000000                        __iwram_start = ORIGIN (iwram)
                0x03008000                        __iwram_top = (ORIGIN (iwram) + LENGTH (iwram))
                0x03007fa0                        __sp_irq = (__iwram_top - 0x60)
                0x03007f00                        __sp_usr = (__sp_irq - 0xa0)
                0x03007ff8                        __irq_flags = 0x3007ff8
                0x08000000                        . = __text_start

.crt0           0x08000000      0x210
 *(.crt0)
 .crt0          0x08000000      0x210 /opt/devkitpro/devkitARM/lib/gcc/arm-none-eabi/15.2.0/../../../../arm-none-eabi/lib/thumb/gba_crt0.o
                0x08000000                _start
                0x080000c4                __boot_method
                0x080000c5                __slave_number
                0x080000e0                start_vector
                0x08000210                        . = ALIGN (0x4)

.init           0x08000210        0xc
 *(SORT_NONE(.init))
 .init          0x08000210        0x4 /opt/devkitpro/devkitARM/lib/gcc/arm-none-eabi/15.2.0/thumb/crti.o
                0x08000210                _init
 .init          0x08000214        0x8 /opt/devkitpro/devkitARM/lib/gcc/arm-none-eabi/15.2.0/thumb/crtn.o

.plt            0x0800021c        0x0
 *(.plt)
                0x0800021c                        . = ALIGN (0x4)

.text           0x08000220     0x2078
 *(EXCLUDE_FILE(*.iwram*) .text*)
 .text.__do_global_dtors_aux
                0x08000220       0x2c /opt/devkitpro/devkitARM/lib/gcc/arm-none-eabi/15.2.0/thumb/crtbegin.o
 .text.frame_dummy
                0x0800024c       0x24 /opt/devkitpro/devkitARM/lib/gcc/arm-none-eabi/15.2.0/thumb/crtbegin.o
 .text.draw_text
                0x08000270       0xfc build/font.o
                0x08000270                draw_text
 .text.render_imagen
                0x0800036c       0x70 build/galeria.o
 .text.render_lista
                0x080003dc      0x528 build/galeria.o
 .text.galeria_init
                0x08000904       0x70 build/galeria.o
                0x08000904                galeria_init
 .text.galeria_input
                0x08000974       0xd8 build/galeria.o
                0x08000974                galeria_input
 .text.taller_recargar
                0x08000a4c       0x54 build/main.o
 .text.dibujar_taller
                0x08000aa0      0x234 build/main.o
 .text.dibujar_selector
                0x08000cd4      0x1a4 build/main.o
 .text.startup.main
                0x08000e78      0x408 build/main.o
                0x08000e78                main
 .text.dibujar_menu
                0x08001280      0x248 build/menu.o
                0x08001280                dibujar_menu
 .text.generar_opalo
                0x080014c8       0x80 build/opalo.o
                0x080014c8                generar_opalo
 .text.generar_chunk
                0x08001548       0xac build/opalo.o
                0x08001548                generar_chunk
 .text.pixel_chaos
                0x080015f4       0x50 build/plasma.o
 .text.generar_paleta
                0x08001644      0x128 build/plasma.o
                0x08001644                generar_paleta
 .text.renderizar_roca
                0x0800176c      0x298 build/plasma.o
                0x0800176c                renderizar_roca
 .text.plasma_pixel
                0x08001a04       0xac build/plasma.o
                0x08001a04                plasma_pixel
 .text.renderizar_opalo
                0x08001ab0      0x12c build/plasma.o
                0x08001ab0                renderizar_opalo
 .text.flash_guardado
                0x08001bdc       0x1c build/plasma.o
                0x08001bdc                flash_guardado
 .text.save_init
                0x08001bf8       0x78 build/save.o
                0x08001bf8                save_init
 .text.cargar_seed
                0x08001c70       0x2c build/save.o
                0x08001c70                cargar_seed
 .text.guardar_seed
                0x08001c9c       0x40 build/save.o
                0x08001c9c                guardar_seed
 .text.cargar_chunks
                0x08001cdc       0x68 build/save.o
                0x08001cdc                cargar_chunks
 .text.guardar_chunk
                0x08001d44       0x84 build/save.o
                0x08001d44                guardar_chunk
 .text.sobreescribir_chunk
                0x08001dc8       0x34 build/save.o
                0x08001dc8                sobreescribir_chunk
 .text.get_vram
                0x08001dfc       0x20 build/video.o
                0x08001dfc                get_vram
 .text.flip     0x08001e1c       0x38 build/video.o
                0x08001e1c                flip
 .text          0x08001e54       0xc0 /opt/devkitpro/libgba/lib/libgba.a(input.o)
                0x08001e54                setRepeat
                0x08001e60                scanKeys
                0x08001ed8                keysDownRepeat
                0x08001ee8                keysDown
                0x08001ef8                keysUp
                0x08001f08                keysHeld
 .text          0x08001f14      0x11c /opt/devkitpro/devkitARM/lib/gcc/arm-none-eabi/15.2.0/thumb/libgcc.a(_udivsi3.o)
                0x08001f14                __udivsi3
                0x08001f14                __aeabi_uidiv
                0x08002010                __aeabi_uidivmod
 .text          0x08002030      0x150 /opt/devkitpro/devkitARM/lib/gcc/arm-none-eabi/15.2.0/thumb/libgcc.a(_divsi3.o)
                0x08002030                __aeabi_idiv
                0x08002030                __divsi3
                0x08002160                __aeabi_idivmod
 .text          0x08002180        0x4 /opt/devkitpro/devkitARM/lib/gcc/arm-none-eabi/15.2.0/thumb/libgcc.a(_dvmd_tls.o)
                0x08002180                __aeabi_ldiv0
                0x08002180                __aeabi_idiv0
 .text.memset   0x08002184       0x8c /opt/devkitpro/devkitARM/lib/gcc/arm-none-eabi/15.2.0/../../../../arm-none-eabi/lib/thumb/libc.a(libc_a-memset.o)
                0x08002184                memset
 .text.__libc_init_array
                0x08002210       0x54 /opt/devkitpro/devkitARM/lib/gcc/arm-none-eabi/15.2.0/../../../../arm-none-eabi/lib/thumb/libc.a(libc_a-init.o)
                0x08002210                __libc_init_array
 *fill*         0x08002264        0x4 ff
 .text.__libc_init_array.__stub
                0x08002268       0x2c linker stubs
 *(.gnu.linkonce.t.*)
 *(.text.*personality*)
 *(.gnu.warning)
 *(.glue_7t)
 .glue_7t       0x08002294        0x0 linker stubs
 *(.glue_7)
 .glue_7        0x08002294        0x0 linker stubs
 *(.vfp11_veneer)
 .vfp11_veneer  0x08002294        0x0 linker stubs
                0x08002294                        . = ALIGN (0x4)
                0x08002298                        __text_end = .

.v4_bx          0x08002298        0x0
 .v4_bx         0x08002298        0x0 linker stubs

.iplt           0x08002298        0x0
 .iplt          0x08002298        0x0 /opt/devkitpro/devkitARM/lib/gcc/arm-none-eabi/15.2.0/../../../../arm-none-eabi/lib/thumb/gba_crt0.o

.fini           0x08002298        0xc
 *(.fini)
 .fini          0x08002298        0x4 /opt/devkitpro/devkitARM/lib/gcc/arm-none-eabi/15.2.0/thumb/crti.o
                0x08002298                _fini
 .fini          0x0800229c        0x8 /opt/devkitpro/devkitARM/lib/gcc/arm-none-eabi/15.2.0/thumb/crtn.o
                0x080022a4                        . = ALIGN (0x4)

.rodata         0x080022a4      0x518
 *(.rodata)
 .rodata        0x080022a4       0x38 build/galeria.o
 .rodata        0x080022dc       0x14 build/main.o
 *all.rodata*(*)
 *(.roda)
 *(.rodata.*)
 .rodata.font_data
                0x080022f0      0x19d build/font.o
 *fill*         0x0800248d        0x3 ff
 .rodata.render_imagen.str1.4
                0x08002490      0x278 build/galeria.o
                                 0x1a (size before relaxing)
 .rodata.render_lista.str1.4
                0x08002708        0x0 build/galeria.o
                                 0x76 (size before relaxing)
 .rodata.str1.4
                0x08002708        0x0 build/galeria.o
                                 0x69 (size before relaxing)
 .rodata.NOMBRE_TAM
                0x08002708       0x14 build/galeria.o
 .rodata.NOMBRE_PATRON
                0x0800271c       0x10 build/galeria.o
 .rodata.NOMBRE_TIPO
                0x0800272c       0x10 build/galeria.o
 .rodata.dibujar_taller.str1.4
                0x0800273c        0x0 build/main.o
                                 0x74 (size before relaxing)
 .rodata.dibujar_selector.str1.4
                0x0800273c        0x0 build/main.o
                                 0x42 (size before relaxing)
 .rodata.dibujar_menu.str1.4
                0x0800273c        0x0 build/menu.o
                                 0xcc (size before relaxing)
 .rodata.sin_lut
                0x0800273c       0x80 build/plasma.o
 *(.gnu.linkonce.r*)
                0x080027bc                        . = ALIGN (0x4)

.ARM.extab
 *(.ARM.extab* .gnu.linkonce.armextab.*)
                0x080027bc                        __exidx_start = .

.ARM.exidx
 *(.ARM.exidx* .gnu.linkonce.armexidx.*)
                0x080027bc                        __exidx_end = .

.ctors          0x080027bc        0x0
 *crtbegin.o(.ctors)
 *(EXCLUDE_FILE(*crtend.o) .ctors)
 *(SORT_BY_NAME(.ctors.*))
 *(.ctors)
                0x080027bc                        . = ALIGN (0x4)

.dtors          0x080027bc        0x0
 *crtbegin.o(.dtors)
 *(EXCLUDE_FILE(*crtend.o) .dtors)
 *(SORT_BY_NAME(.dtors.*))
 *(.dtors)
                0x080027bc                        . = ALIGN (0x4)

.eh_frame       0x080027bc        0x4
 *(.eh_frame)
 .eh_frame      0x080027bc        0x0 /opt/devkitpro/devkitARM/lib/gcc/arm-none-eabi/15.2.0/thumb/crtbegin.o
 .eh_frame      0x080027bc        0x4 /opt/devkitpro/devkitARM/lib/gcc/arm-none-eabi/15.2.0/thumb/crtend.o
                0x080027c0                        . = ALIGN (0x4)

.gcc_except_table
                0x080027c0        0x0
 *(.gcc_except_table)
                0x080027c0                        . = ALIGN (0x4)
                0x080027c0                        __iwram_lma = .

.iwram          0x03000000        0x0 load address 0x080027c0
                0x03000000                        __iwram_start__ = ABSOLUTE (.)
 *(.iwram .iwram*)
 *iwram.*(.text* .data*)
                0x03000000                        . = ALIGN (0x4)
                0x03000000                        __iwram_end__ = ABSOLUTE (.)
                0x080027c0                        __data_lma = (__iwram_lma + SIZEOF (.iwram))

.bss            0x03000000      0x128
                0x03000000                        __bss_start = ABSOLUTE (.)
                0x03000000                        __bss_start__ = ABSOLUTE (.)
 *(.dynbss)
 *(.gnu.linkonce.b*)
 *(.bss*)
 .bss.completed.1
                0x03000000        0x1 /opt/devkitpro/devkitARM/lib/gcc/arm-none-eabi/15.2.0/thumb/crtbegin.o
 *fill*         0x03000001        0x3 
 .bss.object.0  0x03000004       0x18 /opt/devkitpro/devkitARM/lib/gcc/arm-none-eabi/15.2.0/thumb/crtbegin.o
 .bss.scroll    0x0300001c        0x4 build/galeria.o
 .bss.cursor    0x03000020        0x4 build/galeria.o
 .bss.num_items
                0x03000024        0x4 build/galeria.o
 .bss.items     0x03000028       0x60 build/galeria.o
 .bss.vista     0x03000088        0x1 build/galeria.o
 *fill*         0x03000089        0x3 
 .bss.taller_cursor
                0x0300008c        0x4 build/main.o
 .bss.taller_n  0x03000090        0x4 build/main.o
 .bss.taller_slots
                0x03000094       0x60 build/main.o
 .bss.opalo_actual
                0x030000f4        0xc build/main.o
 .bss.chunk_actual
                0x03000100        0xc build/main.o
 .bss.slot_cursor
                0x0300010c        0x4 build/main.o
 .bss.opcion_menu
                0x03000110        0x4 build/main.o
 .bss.semilla_actual
                0x03000114        0x4 build/main.o
 .bss           0x03000118        0xa /opt/devkitpro/libgba/lib/libgba.a(input.o)
 *fill*         0x03000122        0x2 
 .bss.fake_heap_end
                0x03000124        0x4 /opt/devkitpro/devkitARM/lib/gcc/arm-none-eabi/15.2.0/../../../../arm-none-eabi/lib/thumb/libsysbase.a(libsysbase_libsysbase_a-malloc_vars.o)
                0x03000124                fake_heap_end
 *(COMMON)
                0x03000128                        . = ALIGN (0x4)
                0x03000128                        __bss_end__ = ABSOLUTE (.)

.data           0x03000128        0x4 load address 0x080027c0
                0x03000128                        __data_start__ = ABSOLUTE (.)
 *(.data*)
 .data.page     0x03000128        0x1 build/video.o
 .data          0x03000129        0x3 /opt/devkitpro/libgba/lib/libgba.a(input.o)
 *(.gnu.linkonce.d*)
                0x0300012c                        . = ALIGN (0x4)
                0x080027c4                        __preinit_lma = (__data_lma + SIZEOF (.data))

.igot.plt       0x0300012c        0x0 load address 0x080027c4
 .igot.plt      0x0300012c        0x0 /opt/devkitpro/devkitARM/lib/gcc/arm-none-eabi/15.2.0/../../../../arm-none-eabi/lib/thumb/gba_crt0.o

.preinit_array  0x0300012c        0x0 load address 0x080027c4
                0x0300012c                        __preinit_array_start = ABSOLUTE (.)
 *(.preinit_array)
                0x0300012c                        __preinit_array_end = ABSOLUTE (.)
                0x080027c4                        __init_lma = (__preinit_lma + SIZEOF (.preinit_array))

.init_array     0x0300012c        0x4 load address 0x080027c4
                0x0300012c                        __init_array_start = ABSOLUTE (.)
 *(SORT_BY_NAME(.init_array.*))
 *(.init_array)
 .init_array    0x0300012c        0x4 /opt/devkitpro/devkitARM/lib/gcc/arm-none-eabi/15.2.0/thumb/crtbegin.o
                0x03000130                        __init_array_end = ABSOLUTE (.)
                0x080027c8                        __fini_lma = (__init_lma + SIZEOF (.init_array))

.fini_array     0x03000130        0x4 load address 0x080027c8
                0x03000130                        __fini_array_start = ABSOLUTE (.)
 *(SORT_BY_NAME(.fini_array.*))
 *(.fini_array)
 .fini_array    0x03000130        0x4 /opt/devkitpro/devkitARM/lib/gcc/arm-none-eabi/15.2.0/thumb/crtbegin.o
                0x03000134                        __fini_array_end = ABSOLUTE (.)
                0x080027cc                        __jcr_lma = (__fini_lma + SIZEOF (.fini_array))

.jcr
 *(.jcr)
                0x03000134                        __data_end__ = ABSOLUTE (.)
                0x080027cc                        __iwram_overlay_lma = (__jcr_lma + SIZEOF (.jcr))
                0x03000134                        __iwram_overlay_start = .

.iwram0         0x03000134        0x0 load address 0x080027cc
 *(.iwram0)
                0x03000134                        . = ALIGN (0x4)
                0x080027cc                        PROVIDE (__load_start_iwram0 = LOADADDR (.iwram0))
                0x080027cc                        PROVIDE (__load_stop_iwram0 = (LOADADDR (.iwram0) + SIZEOF (.iwram0)))

.iwram1         0x03000134        0x0
 *(.iwram1)
                0x03000134                        . = ALIGN (0x4)
                [!provide]                        PROVIDE (__load_start_iwram1 = LOADADDR (.iwram1))
                [!provide]                        PROVIDE (__load_stop_iwram1 = (LOADADDR (.iwram1) + SIZEOF (.iwram1)))

.iwram2         0x03000134        0x0
 *(.iwram2)
                0x03000134                        . = ALIGN (0x4)
                [!provide]                        PROVIDE (__load_start_iwram2 = LOADADDR (.iwram2))
                [!provide]                        PROVIDE (__load_stop_iwram2 = (LOADADDR (.iwram2) + SIZEOF (.iwram2)))

.iwram3         0x03000134        0x0
 *(.iwram3)
                0x03000134                        . = ALIGN (0x4)
                [!provide]                        PROVIDE (__load_start_iwram3 = LOADADDR (.iwram3))
                [!provide]                        PROVIDE (__load_stop_iwram3 = (LOADADDR (.iwram3) + SIZEOF (.iwram3)))

.iwram4         0x03000134        0x0
 *(.iwram4)
                0x03000134                        . = ALIGN (0x4)
                [!provide]                        PROVIDE (__load_start_iwram4 = LOADADDR (.iwram4))
                [!provide]                        PROVIDE (__load_stop_iwram4 = (LOADADDR (.iwram4) + SIZEOF (.iwram4)))

.iwram5         0x03000134        0x0
 *(.iwram5)
                0x03000134                        . = ALIGN (0x4)
                [!provide]                        PROVIDE (__load_start_iwram5 = LOADADDR (.iwram5))
                [!provide]                        PROVIDE (__load_stop_iwram5 = (LOADADDR (.iwram5) + SIZEOF (.iwram5)))

.iwram6         0x03000134        0x0
 *(.iwram6)
                0x03000134                        . = ALIGN (0x4)
                [!provide]                        PROVIDE (__load_start_iwram6 = LOADADDR (.iwram6))
                [!provide]                        PROVIDE (__load_stop_iwram6 = (LOADADDR (.iwram6) + SIZEOF (.iwram6)))

.iwram7         0x03000134        0x0
 *(.iwram7)
                0x03000134                        . = ALIGN (0x4)
                [!provide]                        PROVIDE (__load_start_iwram7 = LOADADDR (.iwram7))
                [!provide]                        PROVIDE (__load_stop_iwram7 = (LOADADDR (.iwram7) + SIZEOF (.iwram7)))

.iwram8         0x03000134        0x0
 *(.iwram8)
                0x03000134                        . = ALIGN (0x4)
                [!provide]                        PROVIDE (__load_start_iwram8 = LOADADDR (.iwram8))
                [!provide]                        PROVIDE (__load_stop_iwram8 = (LOADADDR (.iwram8) + SIZEOF (.iwram8)))

.iwram9         0x03000134        0x0
 *(.iwram9)
                0x03000134                        . = ALIGN (0x4)
                [!provide]                        PROVIDE (__load_start_iwram9 = LOADADDR (.iwram9))
                [!provide]                        PROVIDE (__load_stop_iwram9 = (LOADADDR (.iwram9) + SIZEOF (.iwram9)))
                0x03000134                        __iwram_overlay_end = .
                0x080027cc                        __ewram_lma = (__iwram_overlay_lma + (__iwram_overlay_end - __iwram_overlay_start))
                0x03000134                        __iheap_start = .
                0x02000000                        __ewram_start = ORIGIN (ewram)

.ewram          0x02000000     0x9600 load address 0x080027cc
 *(.ewram*)
 .ewram         0x02000000     0x9600 build/plasma.o
                0x02009600                        . = ALIGN (0x4)
                0x02009600                        __ewram_end = ABSOLUTE (.)
                0x0800bdcc                        __pad_lma = (__ewram_lma + SIZEOF (.ewram))

.sbss           0x02009600        0x0
                0x02009600                        __sbss_start__ = ABSOLUTE (.)
 *(.sbss*)
                0x02009600                        . = ALIGN (0x4)
                0x02009600                        __sbss_end__ = ABSOLUTE (.)
                0x02009600                        __end__ = ABSOLUTE (.)
                0x02009600                        __eheap_start = ABSOLUTE (.)

.pad            0x02009600        0x8 load address 0x0800bdcc
                0x02009600        0x4 LONG 0x52416b64
                0x02009604        0x4 LONG 0x4d
                0x02009608                        . = ALIGN (0x4)
                0x0800bdd4                        __rom_end__ = (__pad_lma + SIZEOF (.pad))

.rel.dyn        0x02009608        0x0 load address 0x0800bdd4
 .rel.iplt      0x02009608        0x0 /opt/devkitpro/devkitARM/lib/gcc/arm-none-eabi/15.2.0/../../../../arm-none-eabi/lib/thumb/gba_crt0.o

.stab
 *(.stab)

.stabstr
 *(.stabstr)

.stab.excl
 *(.stab.excl)

.stab.exclstr
 *(.stab.exclstr)

.stab.index
 *(.stab.index)

.stab.indexstr
 *(.stab.indexstr)

.comment        0x00000000       0x3b
 *(.comment)
 .comment       0x00000000       0x3b /opt/devkitpro/devkitARM/lib/gcc/arm-none-eabi/15.2.0/thumb/crtbegin.o
                                 0x19 (size before relaxing)
 .comment       0x0000003b        0x0 build/font.o
                                 0x19 (size before relaxing)
 .comment       0x0000003b        0x0 build/galeria.o
                                 0x19 (size before relaxing)
 .comment       0x0000003b        0x0 build/main.o
                                 0x19 (size before relaxing)
 .comment       0x0000003b        0x0 build/menu.o
                                 0x19 (size before relaxing)
 .comment       0x0000003b        0x0 build/opalo.o
                                 0x19 (size before relaxing)
 .comment       0x0000003b        0x0 build/plasma.o
                                 0x19 (size before relaxing)
 .comment       0x0000003b        0x0 build/save.o
                                 0x19 (size before relaxing)
 .comment       0x0000003b        0x0 build/video.o
                                 0x19 (size before relaxing)
 .comment       0x0000003b        0x0 /opt/devkitpro/libgba/lib/libgba.a(input.o)
                                 0x24 (size before relaxing)
 .comment       0x0000003b        0x0 /opt/devkitpro/devkitARM/lib/gcc/arm-none-eabi/15.2.0/thumb/crtend.o
                                 0x19 (size before relaxing)

.debug
 *(.debug)

.line
 *(.line)

.debug_srcinfo
 *(.debug_srcinfo)

.debug_sfnames
 *(.debug_sfnames)

.debug_aranges  0x00000000       0x80
 *(.debug_aranges)
 .debug_aranges
                0x00000000       0x20 /opt/devkitpro/libgba/lib/libgba.a(input.o)
 .debug_aranges
                0x00000020       0x20 /opt/devkitpro/devkitARM/lib/gcc/arm-none-eabi/15.2.0/thumb/libgcc.a(_udivsi3.o)
 .debug_aranges
                0x00000040       0x20 /opt/devkitpro/devkitARM/lib/gcc/arm-none-eabi/15.2.0/thumb/libgcc.a(_divsi3.o)
 .debug_aranges
                0x00000060       0x20 /opt/devkitpro/devkitARM/lib/gcc/arm-none-eabi/15.2.0/thumb/libgcc.a(_dvmd_tls.o)

.debug_pubnames
 *(.debug_pubnames)

.debug_info     0x00000000      0x2fe
 *(.debug_info)
 .debug_info    0x00000000      0x246 /opt/devkitpro/libgba/lib/libgba.a(input.o)
 .debug_info    0x00000246       0x3e /opt/devkitpro/devkitARM/lib/gcc/arm-none-eabi/15.2.0/thumb/libgcc.a(_udivsi3.o)
 .debug_info    0x00000284       0x3e /opt/devkitpro/devkitARM/lib/gcc/arm-none-eabi/15.2.0/thumb/libgcc.a(_divsi3.o)
 .debug_info    0x000002c2       0x3c /opt/devkitpro/devkitARM/lib/gcc/arm-none-eabi/15.2.0/thumb/libgcc.a(_dvmd_tls.o)

.debug_abbrev   0x00000000      0x1a3
 *(.debug_abbrev)
 .debug_abbrev  0x00000000      0x12d /opt/devkitpro/libgba/lib/libgba.a(input.o)
 .debug_abbrev  0x0000012d       0x28 /opt/devkitpro/devkitARM/lib/gcc/arm-none-eabi/15.2.0/thumb/libgcc.a(_udivsi3.o)
 .debug_abbrev  0x00000155       0x28 /opt/devkitpro/devkitARM/lib/gcc/arm-none-eabi/15.2.0/thumb/libgcc.a(_divsi3.o)
 .debug_abbrev  0x0000017d       0x26 /opt/devkitpro/devkitARM/lib/gcc/arm-none-eabi/15.2.0/thumb/libgcc.a(_dvmd_tls.o)

.debug_line     0x00000000      0x3e3
 *(.debug_line)
 .debug_line    0x00000000      0x2bf /opt/devkitpro/libgba/lib/libgba.a(input.o)
 .debug_line    0x000002bf       0x67 /opt/devkitpro/devkitARM/lib/gcc/arm-none-eabi/15.2.0/thumb/libgcc.a(_udivsi3.o)
 .debug_line    0x00000326       0x73 /opt/devkitpro/devkitARM/lib/gcc/arm-none-eabi/15.2.0/thumb/libgcc.a(_divsi3.o)
 .debug_line    0x00000399       0x4a /opt/devkitpro/devkitARM/lib/gcc/arm-none-eabi/15.2.0/thumb/libgcc.a(_dvmd_tls.o)

.debug_frame    0x00000000       0xc0
 *(.debug_frame)
 .debug_frame   0x00000000       0x80 /opt/devkitpro/libgba/lib/libgba.a(input.o)
 .debug_frame   0x00000080       0x20 /opt/devkitpro/devkitARM/lib/gcc/arm-none-eabi/15.2.0/thumb/libgcc.a(_udivsi3.o)
 .debug_frame   0x000000a0       0x20 /opt/devkitpro/devkitARM/lib/gcc/arm-none-eabi/15.2.0/thumb/libgcc.a(_divsi3.o)

.debug_str      0x00000000      0x302
 *(.debug_str)
 .debug_str     0x00000000      0x302 /opt/devkitpro/libgba/lib/libgba.a(input.o)
                                0x236 (size before relaxing)
 .debug_str     0x00000302        0x0 /opt/devkitpro/devkitARM/lib/gcc/arm-none-eabi/15.2.0/thumb/libgcc.a(_udivsi3.o)
                                 0xf6 (size before relaxing)
 .debug_str     0x00000302        0x0 /opt/devkitpro/devkitARM/lib/gcc/arm-none-eabi/15.2.0/thumb/libgcc.a(_divsi3.o)
                                 0xf4 (size before relaxing)
 .debug_str     0x00000302        0x0 /opt/devkitpro/devkitARM/lib/gcc/arm-none-eabi/15.2.0/thumb/libgcc.a(_dvmd_tls.o)
                                 0xf7 (size before relaxing)

.debug_loc
 *(.debug_loc)

.debug_macinfo
 *(.debug_macinfo)

.debug_weaknames
 *(.debug_weaknames)

.debug_funcnames
 *(.debug_funcnames)

.debug_typenames
 *(.debug_typenames)

.debug_varnames
 *(.debug_varnames)

.stack          0x00080000        0x0
                0x00080000                        _stack = .
 *(.stack)

.note.gnu.arm.ident
 *(.note.gnu.arm.ident)

.ARM.attributes
                0x00000000       0x2c
 *(.ARM.attributes)
 .ARM.attributes
                0x00000000       0x20 /opt/devkitpro/devkitARM/lib/gcc/arm-none-eabi/15.2.0/../../../../arm-none-eabi/lib/thumb/gba_crt0.o
 .ARM.attributes
                0x00000020       0x1c /opt/devkitpro/devkitARM/lib/gcc/arm-none-eabi/15.2.0/thumb/crti.o
 .ARM.attributes
                0x0000003c       0x2a /opt/devkitpro/devkitARM/lib/gcc/arm-none-eabi/15.2.0/thumb/crtbegin.o
 .ARM.attributes
                0x00000066       0x2a build/font.o
 .ARM.attributes
                0x00000090       0x2a build/galeria.o
 .ARM.attributes
                0x000000ba       0x2a build/main.o
 .ARM.attributes
                0x000000e4       0x2a build/menu.o
 .ARM.attributes
                0x0000010e       0x2a build/opalo.o
 .ARM.attributes
                0x00000138       0x2a build/plasma.o
 .ARM.attributes
                0x00000162       0x2a build/save.o
 .ARM.attributes
                0x0000018c       0x2a build/thumb_cache.o
 .ARM.attributes
                0x000001b6       0x2a build/video.o
 .ARM.attributes
                0x000001e0       0x2a /opt/devkitpro/libgba/lib/libgba.a(input.o)
 .ARM.attributes
                0x0000020a       0x1c /opt/devkitpro/devkitARM/lib/gcc/arm-none-eabi/15.2.0/thumb/libgcc.a(_udivsi3.o)
 .ARM.attributes
                0x00000226       0x1c /opt/devkitpro/devkitARM/lib/gcc/arm-none-eabi/15.2.0/thumb/libgcc.a(_divsi3.o)
 .ARM.attributes
                0x00000242       0x1c /opt/devkitpro/devkitARM/lib/gcc/arm-none-eabi/15.2.0/thumb/libgcc.a(_dvmd_tls.o)
 .ARM.attributes
                0x0000025e       0x1c /opt/devkitpro/devkitARM/lib/gcc/arm-none-eabi/15.2.0/thumb/libgcc.a(_sync_none.o)
 .ARM.attributes
                0x0000027a       0x2a /opt/devkitpro/devkitARM/lib/gcc/arm-none-eabi/15.2.0/../../../../arm-none-eabi/lib/thumb/libc.a(libc_a-memset.o)
 .ARM.attributes
                0x000002a4       0x2a /opt/devkitpro/devkitARM/lib/gcc/arm-none-eabi/15.2.0/../../../../arm-none-eabi/lib/thumb/libc.a(libc_a-init.o)
 .ARM.attributes
                0x000002ce       0x2a /opt/devkitpro/devkitARM/lib/gcc/arm-none-eabi/15.2.0/../../../../arm-none-eabi/lib/thumb/libsysbase.a(libsysbase_libsysbase_a-malloc_vars.o)
 .ARM.attributes
                0x000002f8       0x2a /opt/devkitpro/devkitARM/lib/gcc/arm-none-eabi/15.2.0/thumb/crtend.o
 .ARM.attributes
                0x00000322       0x1c /opt/devkitpro/devkitARM/lib/gcc/arm-none-eabi/15.2.0/thumb/crtn.o

/DISCARD/
 *(.note.GNU-stack)
LOAD /opt/devkitpro/devkitARM/lib/gcc/arm-none-eabi/15.2.0/../../../../arm-none-eabi/lib/thumb/gba_crt0.o
LOAD /opt/devkitpro/devkitARM/lib/gcc/arm-none-eabi/15.2.0/thumb/crti.o
LOAD /opt/devkitpro/devkitARM/lib/gcc/arm-none-eabi/15.2.0/thumb/crtbegin.o
LOAD build/font.o
LOAD build/galeria.o
LOAD build/main.o
LOAD build/menu.o
LOAD build/opalo.o
LOAD build/plasma.o
LOAD build/save.o
LOAD build/thumb_cache.o
LOAD build/video.o
LOAD /opt/devkitpro/libgba/lib/libgba.a
START GROUP
LOAD /opt/devkitpro/devkitARM/lib/gcc/arm-none-eabi/15.2.0/thumb/libgcc.a
LOAD /opt/devkitpro/devkitARM/lib/gcc/arm-none-eabi/15.2.0/../../../../arm-none-eabi/lib/thumb/libc.a
LOAD /opt/devkitpro/devkitARM/lib/gcc/arm-none-eabi/15.2.0/../../../../arm-none-eabi/lib/thumb/libsysbase.a
END GROUP
LOAD /opt/devkitpro/devkitARM/lib/gcc/arm-none-eabi/15.2.0/thumb/crtend.o
LOAD /opt/devkitpro/devkitARM/lib/gcc/arm-none-eabi/15.2.0/thumb/crtn.o
OUTPUT(gba_vampire_survivors.elf elf32-littlearm)
LOAD linker stubs

.debug_loclists
                0x00000000       0x4b
 .debug_loclists
                0x00000000       0x4b /opt/devkitpro/libgba/lib/libgba.a(input.o)

.debug_line_str
                0x00000000       0xcd
 .debug_line_str
                0x00000000       0xcd /opt/devkitpro/devkitARM/lib/gcc/arm-none-eabi/15.2.0/thumb/libgcc.a(_udivsi3.o)
 .debug_line_str
                0x000000cd        0x0 /opt/devkitpro/devkitARM/lib/gcc/arm-none-eabi/15.2.0/thumb/libgcc.a(_divsi3.o)
                                 0xcd (size before relaxing)
 .debug_line_str
                0x000000cd        0x0 /opt/devkitpro/devkitARM/lib/gcc/arm-none-eabi/15.2.0/thumb/libgcc.a(_dvmd_tls.o)
                                 0xcd (size before relaxing)
